[ukepengen.no/index.html]
[backblue.gif]
[fade.gif]
[index.html]
[ukepengen.no/xmlrpc0db0.php]
[ukepengen.no/wp-includes/wlwmanifest.xml]
[ukepengen.no/wp-json/index.html]
[ukepengen.no/wp-json/oembed/1.0/embed02aa.json]
[ukepengen.no/wp-json/oembed/1.0/embed87df]
[ukepengen.no/wp-content/themes/veckopengen/favicon-16x16.png]
[ukepengen.no/wp-content/themes/veckopengen/assets/styles/all.css]
[ukepengen.no/wp-content/themes/veckopengen/assets/images/veckopengen-logo-white.png]
[ukepengen.no/wp-content/themes/veckopengen/assets/images/lockscreen-pig.png]
[ukepengen.no/wp-content/themes/veckopengen/assets/images/arrow-right-lock-screen.png]
[ukepengen.no/wp-content/themes/veckopengen/assets/images/coin.png]
[ukepengen.no/wp-content/themes/veckopengen/assets/images/coin-glow.png]
[ukepengen.no/wp-content/themes/veckopengen/assets/images/piggy-back.png]
[ukepengen.no/wp-content/themes/veckopengen/assets/images/piggy-foot.png]
[ukepengen.no/wp-content/themes/veckopengen/assets/images/piggy-front.png]
[ukepengen.no/wp-content/themes/veckopengen/assets/images/piggy-shadow.png]
[ukepengen.no/wp-content/themes/veckopengen/assets/images/money-piles.png]
[ukepengen.no/wp-content/themes/veckopengen/assets/images/veckopengen-logo.png]
[ukepengen.no/en/home/index.html]
[ukepengen.no/wp-content/themes/veckopengen/assets/images/iphone.png]
[ukepengen.no/wp-content/themes/veckopengen/assets/images/apple-badge.png]
[ukepengen.no/wp-content/themes/veckopengen/assets/images/google-badge.png]
[ukepengen.no/wp-content/themes/veckopengen/assets/images/arrow-down-large-colored.png]
[ukepengen.no/wp-content/themes/veckopengen/assets/images/animation/wallet-1.png]
[ukepengen.no/wp-content/themes/veckopengen/assets/images/animation/money-6.png]
[ukepengen.no/wp-content/themes/veckopengen/assets/images/animation/money-5.png]
[ukepengen.no/wp-content/themes/veckopengen/assets/images/animation/money-4.png]
[ukepengen.no/wp-content/themes/veckopengen/assets/images/animation/money-3.png]
[ukepengen.no/wp-content/themes/veckopengen/assets/images/animation/money-2.png]
[ukepengen.no/wp-content/themes/veckopengen/assets/images/animation/money-1.png]
[ukepengen.no/wp-content/themes/veckopengen/assets/images/animation/wallet-2.png]
[ukepengen.no/wp-content/themes/veckopengen/assets/images/animation/coin-2.png]
[ukepengen.no/wp-content/themes/veckopengen/assets/images/animation/wallet-3.png]
[ukepengen.no/wp-content/themes/veckopengen/assets/images/minus-circle.png]
[ukepengen.no/wp-content/themes/veckopengen/assets/images/plus-circle.png]
[ukepengen.no/wp-content/themes/veckopengen/assets/images/animation/pig-1.png]
[ukepengen.no/wp-content/themes/veckopengen/assets/images/animation/gold-1.png]
[ukepengen.no/wp-content/themes/veckopengen/assets/images/animation/silver.png]
[ukepengen.no/wp-content/themes/veckopengen/assets/images/animation/pig-sleep.png]
[ukepengen.no/wp-content/themes/veckopengen/assets/images/animation/bankroll-1.png]
[ukepengen.no/wp-content/themes/veckopengen/assets/images/animation/pig-2.png]
[ukepengen.no/wp-content/themes/veckopengen/assets/images/animation/bankroll-2.png]
[ukepengen.no/wp-content/themes/veckopengen/assets/images/animation/safe-1.png]
[ukepengen.no/wp-content/themes/veckopengen/assets/images/animation/safe-2.png]
[ukepengen.no/wp-content/themes/veckopengen/assets/images/animation/safe-3.png]
[ukepengen.no/wp-content/themes/veckopengen/assets/images/animation/gold-2.png]
[ukepengen.no/upplev-veckopengen/index.html]
[ukepengen.no/traning/index.html]
[ukepengen.no/wp-content/themes/veckopengen/assets/images/animation/bankroll-3.png]
[ukepengen.no/om-oss/index.html]
[ukepengen.no/wp-content/themes/veckopengen/assets/images/cutter.png]
[ukepengen.no/wp-content/themes/veckopengen/assets/images/animation/grass-1.png]
[ukepengen.no/wp-content/themes/veckopengen/assets/images/animation/grass-2.png]
[ukepengen.no/wp-content/themes/veckopengen/assets/images/animation/coin.png]
[ukepengen.no/wp-content/themes/veckopengen/assets/images/animation/cutter-2.png]
[ukepengen.no/wp-content/themes/veckopengen/assets/images/animation/cutter-1.png]
[ukepengen.no/wp-content/themes/veckopengen/assets/images/funfair.png]
[ukepengen.no/wp-content/themes/veckopengen/assets/images/konsol.png]
[ukepengen.no/wp-content/themes/veckopengen/assets/images/ball.png]
[ukepengen.no/wp-content/themes/veckopengen/assets/images/tip-pointer.png]
[ukepengen.no/wp-content/themes/veckopengen/assets/images/di.png]
[ukepengen.no/wp-content/themes/veckopengen/assets/images/resume.png]
[ukepengen.no/wp-content/themes/veckopengen/assets/images/veckans-affarer.png]
[ukepengen.no/wp-content/themes/veckopengen/assets/images/svd.png]
[ukepengen.no/wp-content/themes/veckopengen/assets/images/breakit.png]
[ukepengen.no/cdn-cgi/l/email-protection.html]
[ukepengen.no/wp-content/themes/veckopengen/assets/images/submit-button-arrow.png]
[ukepengen.no/wp-content/uploads/2015/11/VECKOPENGEN-FILM.m4v]
[ukepengen.no/wp-includes/js/wp-embed.min62df.js]
[ukepengen.no/index.html]
[ukepengen.no/wp-content/themes/veckopengen/assets/scripts/app.js]
[ukepengen.no/villkor/index.html]
[ukepengen.no/wp-json/oembed/1.0/embedde6b.json]
[ukepengen.no/wp-json/oembed/1.0/embed4baa]
[ukepengen.no/en/home/index.html]
[ukepengen.no/en/experience/index.html]
[ukepengen.no/wp-content/themes/veckopengen/assets/scripts/components.js]
[ukepengen.no/wp-content/themes/veckopengen/assets/styles/grabbing.png]
[ukepengen.no/en/tip/index.html]
[ukepengen.no/wp-content/themes/veckopengen/assets/styles/AjaxLoader.gif]
[ukepengen.no/wp-content/themes/veckopengen/assets/styles/all.css]
[ukepengen.no/en/about-us/index.html]
[ukepengen.no/en/terms/index.html]
[ukepengen.no/en/faq-2/index.html]
[ukepengen.no/wp-json/oembed/1.0/embed11a0.json]
[ukepengen.no/wp-content/themes/veckopengen/assets/images/veckopengen-children.png]
[ukepengen.no/wp-json/oembed/1.0/embedaadf]
[ukepengen.no/wp-content/themes/veckopengen/assets/images/5.svg]
[ukepengen.no/wp-content/themes/veckopengen/assets/images/7.svg]
[ukepengen.no/wp-content/themes/veckopengen/assets/images/9.svg]
[ukepengen.no/wp-content/themes/veckopengen/assets/images/11.svg]
[ukepengen.no/wp-content/themes/veckopengen/assets/images/13.svg]
[ukepengen.no/wp-content/themes/veckopengen/assets/images/15.svg]
[ukepengen.no/wp-content/themes/veckopengen/assets/images/arrow-left.png]
[ukepengen.no/wp-content/themes/veckopengen/assets/images/arrow-right.png]
[ukepengen.no/upplev-veckopengen/index.html]
[ukepengen.no/wp-content/themes/veckopengen/assets/images/economical-training.png]
[ukepengen.no/wp-json/oembed/1.0/embed2610.json]
[ukepengen.no/wp-content/themes/veckopengen/assets/images/wallet-tab-icon.png]
[ukepengen.no/wp-json/oembed/1.0/embed8d3d]
[ukepengen.no/wp-content/themes/veckopengen/assets/images/pig-tab-icon.png]
[ukepengen.no/wp-content/themes/veckopengen/assets/images/tasks-tab-icon.png]
[ukepengen.no/wp-content/uploads/2015/10/emma34.png]
[ukepengen.no/wp-content/uploads/2015/10/bodil-ny1.png]
[ukepengen.no/wp-content/uploads/2015/10/liv.png]
[ukepengen.no/traning/index.html]
[ukepengen.no/wp-json/oembed/1.0/embed770f.json]
[ukepengen.no/wp-json/oembed/1.0/embed41e1]
[ukepengen.no/wp-content/uploads/2015/10/about-philip.png]
[ukepengen.no/wp-content/uploads/2015/10/about-philip-collage-11.png]
[ukepengen.no/wp-content/uploads/2015/10/about-philip-collage-21.png]
[ukepengen.no/om-oss/index.html]
[ukepengen.no/cdn-cgi/l/email-protection.html]
[ukepengen.no/wp-json/oembed/1.0/embed5bdf.json]
[ukepengen.no/wp-json/oembed/1.0/embed7f0d]
[ukepengen.no/villkor/index.html]
[ukepengen.no/wp-json/oembed/1.0/embed8f05.json]
[ukepengen.no/wp-json/oembed/1.0/embed25ca]
[ukepengen.no/en/experience/index.html]
[ukepengen.no/wp-json/oembed/1.0/embed7d83.json]
[ukepengen.no/wp-json/oembed/1.0/embed2f8c]
[ukepengen.no/en/tip/index.html]
[ukepengen.no/wp-json/oembed/1.0/embed7e47.json]
[ukepengen.no/wp-json/oembed/1.0/embed348b]
[ukepengen.no/wp-content/uploads/2015/10/about-philip-collage-1.png]
[ukepengen.no/en/about-us/index.html]
[ukepengen.no/wp-content/uploads/2015/10/about-philip-collage-2.png]
[ukepengen.no/wp-json/oembed/1.0/embed1816.json]
[ukepengen.no/wp-json/oembed/1.0/embedf58e]
[ukepengen.no/en/terms/index.html]
[ukepengen.no/wp-json/oembed/1.0/embedc249.json]
[ukepengen.no/wp-json/oembed/1.0/embed1eb4]
[ukepengen.no/en/faq-2/index.html]
[ukepengen.no/wp-content/themes/veckopengen/assets/styles/grabbing.html]
[ukepengen.no/wp-content/themes/veckopengen/assets/styles/AjaxLoader.html]
[ukepengen.no/index5c36.html]
[ukepengen.no/wp-content/themes/veckopengen/assets/images/5.svg]
[ukepengen.no/wp-content/themes/veckopengen/assets/images/7.svg]
[ukepengen.no/wp-content/themes/veckopengen/assets/images/9.svg]
[ukepengen.no/wp-content/themes/veckopengen/assets/images/11.svg]
[ukepengen.no/wp-content/themes/veckopengen/assets/images/13.svg]
[ukepengen.no/wp-content/themes/veckopengen/assets/images/15.svg]
[ukepengen.no/indexe9b4.html]
[ukepengen.no/index94b0.html]
[ukepengen.no/indexe4c6.html]
[ukepengen.no/villkor/_https_/mixpanel.com/terms/index.html]
[ukepengen.no/index8cd4.html]
[ukepengen.no/index0721.html]
[ukepengen.no/index6aed.html]
[ukepengen.no/faq-3-2/index.html]
[ukepengen.no/index17d5.html]
[ukepengen.no/index9c2b.html]
[ukepengen.no/wp-json/oembed/1.0/embedfe3f.json]
[ukepengen.no/faq-3-2/index.html]
[ukepengen.no/indexbdc5.html]
[ukepengen.no/wp-json/oembed/1.0/embed778a]
